npm warn Unknown env config "http-proxy". This will stop working in the next major version of npm.

> webapp@1.1.0 test:live
> RUN_LIVE_TESTS=1 vitest run tests/live


 RUN  v5.0.1 /workspace/scratch/5faa934df504/genspark-fde23fcc-731d-4c63-96c4-5668c8627003-main

stderr | tests/live/officialSources.live.test.ts > official SCNU live source availability > 학사일정 공식 원문에서 2026년 2학기 중간시험을 확인한다
Official upstream request failed {
  requestId: 'untracked',
  sourceId: 'academic-calendar',
  durationMs: 6001,
  httpStatus: null,
  redirectCount: 0,
  errorCode: 'UNKNOWN'
}

stderr | tests/live/officialSources.live.test.ts > official SCNU live source availability > 학사일정 공식 원문에서 2026년 2학기 중간시험을 확인한다
Official document parsing failed {
  requestId: 'untracked',
  sourceId: 'academic-calendar',
  durationMs: 6004,
  parserResultCount: 0,
  errorCode: 'UNKNOWN'
}

stderr | tests/live/officialSources.live.test.ts > official SCNU live source availability > 학사일정 공식 원문에서 2026년 2학기 중간시험을 확인한다
live-result {
  status: 'timeout',
  elapsedMs: 6006,
  networkTimeoutMs: 6000,
  overallTimeoutMs: 15000
}

 ❯ tests/live/officialSources.live.test.ts (1 test | 1 failed) 6012ms
   ❯ official SCNU live source availability (1)
     × 학사일정 공식 원문에서 2026년 2학기 중간시험을 확인한다 6010ms

⎯⎯⎯⎯⎯⎯⎯ Failed Tests 1 ⎯⎯⎯⎯⎯⎯⎯

 FAIL  tests/live/officialSources.live.test.ts > official SCNU live source availability > 학사일정 공식 원문에서 2026년 2학기 중간시험을 확인한다
Error: timeout: official calendar availability check failed
 ❯ tests/live/officialSources.live.test.ts:38:13
     36|       const category = controller.signal.aborted ? 'timeout' : failure…
     37|       console.error('live-result', { status: category, elapsedMs: Math…
     38|       throw new Error(`${category}: official calendar availability che…
       |             ^
     39|     } finally { clearTimeout(timer) }
     40|   }, 18000)

Caused by: official fetch timeout
⎯⎯⎯⎯⎯⎯⎯⎯⎯⎯⎯⎯⎯⎯⎯⎯⎯⎯⎯⎯⎯⎯⎯⎯[1/1]⎯


 Test Files  1 failed (1)
      Tests  1 failed (1)
   Start at  18:41:15
   Duration  6.22s (tests 98%, transform 1%, import 1%)

npm notice
npm notice New major version of npm available! 11.9.0 -> 12.1.0
npm notice Changelog: https://github.com/npm/cli/releases/tag/v12.1.0
npm notice To update run: npm install -g npm@12.1.0
npm notice
