
> webapp@1.1.0 build
> vite build --mode client && vite build

vite v8.3.0 building client environment for client...
transforming...
✓ 1877 modules transformed.
rendering chunks...
computing gzip size...
dist/static/client.css   19.18 kB │ gzip:  5.41 kB
dist/static/client.js   237.77 kB │ gzip: 75.30 kB

✓ built in 240ms
vite v8.3.0 building ssr environment for production...
transforming...
✓ 78 modules transformed.
rendering chunks...
computing gzip size...
dist/_worker.js  120.07 kB │ gzip: 48.49 kB

✓ built in 54ms
npm warn Unknown env config "http-proxy". This will stop working in the next major version of npm.
[33m▲ [43;33m[[43;30mWARNING[43;33m][0m [1mProxy environment variables detected. We'll use your proxy for fetch requests.[0m


[33m▲ [43;33m[[43;30mWARNING[43;33m][0m [1mProxy environment variables detected. We'll use your proxy for fetch requests.[0m


