
> webapp@1.1.0 test:live
> RUN_LIVE_TESTS=1 vitest run tests/live


 RUN  v5.0.1 /workspace/scratch/83c5b03b8775/work/project

 ❯ tests/live/officialSources.live.test.ts (1 test | 1 failed) 6014ms
   ❯ official SCNU live source availability (1)
     × 학사일정 공식 원문에서 2026년 2학기 중간시험을 확인한다 6013ms

 Test Files  1 failed (1)
      Tests  1 failed (1)
   Start at  00:58:42
   Duration  6.38s (tests 96%, transform 3%, import 1%)

npm warn Unknown env config "http-proxy". This will stop working in the next major version of npm.
stderr | tests/live/officialSources.live.test.ts > official SCNU live source availability > 학사일정 공식 원문에서 2026년 2학기 중간시험을 확인한다
Official upstream request failed {
  requestId: 'untracked',
  sourceId: 'academic-calendar',
  durationMs: 6001,
  httpStatus: null,
  redirectCount: 0,
  errorCode: 'UNKNOWN'
}

stderr | tests/live/officialSources.live.test.ts > official SCNU live source availability > 학사일정 공식 원문에서 2026년 2학기 중간시험을 확인한다
Official document parsing failed {
  requestId: 'untracked',
  sourceId: 'academic-calendar',
  durationMs: 6003,
  parserResultCount: 0,
  errorCode: 'UNKNOWN'
}

stderr | tests/live/officialSources.live.test.ts > official SCNU live source availability > 학사일정 공식 원문에서 2026년 2학기 중간시험을 확인한다
live-result {
  status: 'timeout',
  elapsedMs: 6006,
  networkTimeoutMs: 6000,
  overallTimeoutMs: 15000
}


⎯⎯⎯⎯⎯⎯⎯ Failed Tests 1 ⎯⎯⎯⎯⎯⎯⎯

 FAIL  tests/live/officialSources.live.test.ts > official SCNU live source availability > 학사일정 공식 원문에서 2026년 2학기 중간시험을 확인한다
Error: timeout: official calendar availability check failed
 ❯ tests/live/officialSources.live.test.ts:38:13
     36|       const category = controller.signal.aborted ? 'timeout' : failure…
     37|       console.error('live-result', { status: category, elapsedMs: Math…
     38|       throw new Error(`${category}: official calendar availability che…
       |             ^
     39|     } finally { clearTimeout(timer) }
     40|   }, 18000)

Caused by: official fetch timeout
⎯⎯⎯⎯⎯⎯⎯⎯⎯⎯⎯⎯⎯⎯⎯⎯⎯⎯⎯⎯⎯⎯⎯⎯[1/1]⎯

